// Jest Snapshot v1, https://goo.gl/fbAQLP

exports[`AccountDropdown Component renders correctly with default props 1`] = `[Function]`;

exports[`AccountDropdown Component renders roles of current user in account dropdown  1`] = `
Array [
  <button
    aria-controls=":r7:"
    aria-expanded={false}
    aria-haspopup="menu"
    className="base-MenuButton-root css-saewb7"
    onBlur={[Function]}
    onClick={[Function]}
    onFocus={[Function]}
    onKeyDown={[Function]}
    onKeyUp={[Function]}
    onMouseDown={[Function]}
    onMouseLeave={[Function]}
    tabIndex={0}
    type="button"
  >
    <svg
      aria-hidden={true}
      className="MuiSvgIcon-root MuiSvgIcon-fontSizeLarge css-tzssek-MuiSvgIcon-root"
      data-testid="AccountCircleOutlinedIcon"
      focusable="false"
      viewBox="0 0 24 24"
    >
      <path
        d="M12 2C6.48 2 2 6.48 2 12s4.48 10 10 10 10-4.48 10-10S17.52 2 12 2M7.35 18.5C8.66 17.56 10.26 17 12 17s3.34.56 4.65 1.5c-1.31.94-2.91 1.5-4.65 1.5s-3.34-.56-4.65-1.5m10.79-1.38C16.45 15.8 14.32 15 12 15s-4.45.8-6.14 2.12C4.7 15.73 4 13.95 4 12c0-4.42 3.58-8 8-8s8 3.58 8 8c0 1.95-.7 3.73-1.86 5.12"
      />
      <path
        d="M12 6c-1.93 0-3.5 1.57-3.5 3.5S10.07 13 12 13s3.5-1.57 3.5-3.5S13.93 6 12 6m0 5c-.83 0-1.5-.67-1.5-1.5S11.17 8 12 8s1.5.67 1.5 1.5S12.83 11 12 11"
      />
    </svg>
  </button>,
  <div
    className="base-Popup-root base-Menu-root"
    style={
      Object {
        "left": 0,
        "position": "absolute",
        "top": 0,
        "visibility": "hidden",
      }
    }
  >
    <div
      className="placement-bottom closed"
      onTransitionEnd={[Function]}
    >
      <ul
        className="base-Menu-listbox css-grlzle"
        id=":r7:"
        onBlur={[Function]}
        onKeyDown={[Function]}
        role="menu"
        tabIndex={-1}
      >
        <p
          data-testid="roles"
          style={
            Object {
              "fontStyle": "italic",
              "textAlign": "center",
            }
          }
        >
          (ADMINISTRATOR)
        </p>
        <li
          className="base-MenuItem-root css-v5whyu"
          id=":r8:"
          onBlur={[Function]}
          onClick={[Function]}
          onFocus={[Function]}
          onKeyDown={[Function]}
          onKeyUp={[Function]}
          onMouseDown={[Function]}
          onMouseLeave={[Function]}
          onPointerOver={[Function]}
          role="menuitem"
          tabIndex={-1}
        >
          Profile
        </li>
        <li
          className="base-MenuItem-root css-v5whyu"
          id=":ra:"
          onBlur={[Function]}
          onClick={[Function]}
          onFocus={[Function]}
          onKeyDown={[Function]}
          onKeyUp={[Function]}
          onMouseDown={[Function]}
          onMouseLeave={[Function]}
          onPointerOver={[Function]}
          role="menuitem"
          tabIndex={-1}
        >
          Language settings
        </li>
        <li
          className="base-MenuItem-root css-v5whyu"
          id=":rc:"
          onBlur={[Function]}
          onClick={[Function]}
          onFocus={[Function]}
          onKeyDown={[Function]}
          onKeyUp={[Function]}
          onMouseDown={[Function]}
          onMouseLeave={[Function]}
          onPointerOver={[Function]}
          role="menuitem"
          tabIndex={-1}
        >
          Log out
        </li>
      </ul>
    </div>
  </div>,
]
`;
