// Jest Snapshot v1, https://goo.gl/fbAQLP

exports[`PrivateLayout Component renders correctly with children 1`] = `[Function]`;
